################################################################################
#                                                                              #
#      IAR Universal Linker V6.5.1.95                                          #
#                                                                              #
#           Link time     =  30/May/2022  15:01:09                             #
#           Target CPU    =  MSP430                                            #
#           List file     =  "C:\Users\tstra\OneDrive - ctu.edu.vn\1_Github\CN #
#                            581\B4_7SEG_MSP430\01_LED_7_SEG\01_LED_7_SEG\Debu #
#                            g\List\01_LED_7_SEG.map"                          #
#           Output file 1 =  "C:\Users\tstra\OneDrive - ctu.edu.vn\1_Github\CN #
#                            581\B4_7SEG_MSP430\01_LED_7_SEG\01_LED_7_SEG\Debu #
#                            g\Exe\01_LED_7_SEG.hex"                           #
#                            Format: intel-standard                            #
#           Command line  =  -f C:\Users\tstra\AppData\Local\Temp\EWB9B4.tmp   #
#                            ("C:\Users\tstra\OneDrive - ctu.edu.vn\1_Github\C #
#                            N581\B4_7SEG_MSP430\01_LED_7_SEG\01_LED_7_SEG\Deb #
#                            ug\Obj\main.r43"                                  #
#                            -o                                                #
#                            "C:\Users\tstra\OneDrive - ctu.edu.vn\1_Github\CN #
#                            581\B4_7SEG_MSP430\01_LED_7_SEG\01_LED_7_SEG\Debu #
#                            g\Exe\01_LED_7_SEG.hex"                           #
#                            -Fintel-standard -l                               #
#                            "C:\Users\tstra\OneDrive - ctu.edu.vn\1_Github\CN #
#                            581\B4_7SEG_MSP430\01_LED_7_SEG\01_LED_7_SEG\Debu #
#                            g\List\01_LED_7_SEG.map"                          #
#                            -xes                                              #
#                            "-IC:\Program Files (x86)\IAR Systems\Embedded Wo #
#                            rkbench 8.0\430\LIB\"                             #
#                            -f                                                #
#                            "C:\Program Files (x86)\IAR Systems\Embedded Work #
#                            bench 8.0\430\config\linker\lnk430g2553.xcl"      #
#                            (-cmsp430 -QCODE_I=CODE_ID -QTLS16_I=TLS16_ID     #
#                            -Z(CONST)INFO=1000-10FF                           #
#                            -Z(CONST)INFOA=10C0-10FF                          #
#                            -Z(CONST)INFOB=1080-10BF                          #
#                            -Z(CONST)INFOC=1040-107F                          #
#                            -Z(CONST)INFOD=1000-103F                          #
#                            -Z(DATA)DATA16_I,DATA16_Z,DATA16_N,TLS16_I=0200-0 #
#                            3FF                                               #
#                            -Z(DATA)DATA16_HEAP+_DATA16_HEAP_SIZE             #
#                            -Z(DATA)CODE_I -Z(DATA)CSTACK+_STACK_SIZE#        #
#                            -Z(CONST)DATA16_C,DATA16_ID,TLS16_ID,DIFUNCT,CHEC #
#                            KSUM=C000-FFDD                                    #
#                            -Z(CODE)CSTART,ISR_CODE,CODE_ID=C000-FFDD         #
#                            -P(CODE)CODE=C000-FFDD                            #
#                            -Z(CONST)SIGNATURE=FFDE-FFDF                      #
#                            -Z(CODE)INTVEC=FFE0-FFFF                          #
#                            -Z(CODE)RESET=FFFE-FFFF) -D_STACK_SIZE=50         #
#                            "C:\Program Files (x86)\IAR Systems\Embedded Work #
#                            bench 8.0\430\lib\dlib\dl430fn.r43"               #
#                            -e_PrintfLarge=_Printf -e_ScanfLarge=_Scanf       #
#                            -D_DATA16_HEAP_SIZE=50 -s __program_start         #
#                            -D_DATA20_HEAP_SIZE=50)                           #
#                                                                              #
#                           Copyright (C) 1987-2016 IAR Systems AB.            #
################################################################################





                ****************************************
                *                                      *
                *           CROSS REFERENCE            *
                *                                      *
                ****************************************

       Program entry at :           C010  Relocatable, from module : ?cstart




                ****************************************
                *                                      *
                *            RUNTIME MODEL             *
                *                                      *
                ****************************************

  __Heap_Handler             = Basic
  __SystemLibrary            = DLib
  __core                     = 430
  __dlib_file_descriptor     = 0
  __dlib_full_locale_support = 0
  __double_size              = 32
  __pic                      = no
  __reg_r4                   = free
  __reg_r5                   = free
  __rt_version               = 3

                ****************************************
                *                                      *
                *    AUTOMATIC SYMBOL REDIRECTIONS     *
                *                                      *
                ****************************************

                  There are no automatic symbol redirections.

                ****************************************
                *                                      *
                *              ENTRY LIST              *
                *                                      *
                ****************************************

Module  Entry              Address
------  -----              -------
?FILLER_BYTES
?ABS_ENTRY_MOD
        _DATA20_HEAP_SIZE   0050
        _DATA16_HEAP_SIZE   0050
        _STACK_SIZE         0050
main ( C:\Users\tstra\OneDrive - ctu.edu.vn\1_Github\CN581\B4_7SEG_MSP430\01_LED_7_SEG\01_LED_7_SEG\Debug\Obj\main.r43 )
        _A_P1OUT            0021
        _A_P1DIR            0022
        _A_P2IN             0028
        _A_P2OUT            0029
        _A_P2DIR            002A
        _A_P2REN            002F
        _A_WDTCTL           0120
        tbl7segA            0200
        index               0210
        main                C038
        delayms             C080
        P1OUT               0021
        P1OUT_bit           0021
        P1DIR               0022
        P1DIR_bit           0022
        P2IN                0028
        P2IN_bit            0028
        P2OUT               0029
        P2OUT_bit           0029
        P2DIR               002A
        P2DIR_bit           002A
        P2REN               002F
        P2REN_bit           002F
        WDTCTL              0120
        WDTCTL_bit          0120
?abort ( C:\Program Files (x86)\IAR Systems\Embedded Workbench 8.0\430\lib\dlib\dl430fn.r43 )
?_exit ( C:\Program Files (x86)\IAR Systems\Embedded Workbench 8.0\430\lib\dlib\dl430fn.r43 )
        _exit               C0C0
?cppinit ( C:\Program Files (x86)\IAR Systems\Embedded Workbench 8.0\430\lib\dlib\dl430fn.r43 )
?cstart ( C:\Program Files (x86)\IAR Systems\Embedded Workbench 8.0\430\lib\dlib\dl430fn.r43 )
        __program_start     C010
        ?cstart_begin       C010
        ?cstart_init_zero   C014
        ?cstart_init_copy   C020
        ?cstart_call_main   C030
        ?cstart_end         C038
lowinit ( C:\Program Files (x86)\IAR Systems\Embedded Workbench 8.0\430\lib\dlib\dl430fn.r43 )
?reset_vector ( C:\Program Files (x86)\IAR Systems\Embedded Workbench 8.0\430\lib\dlib\dl430fn.r43 )
        ?reset_vector       FFFE
?Epilogue ( C:\Program Files (x86)\IAR Systems\Embedded Workbench 8.0\430\lib\dlib\dl430fn.r43 )
?exit ( C:\Program Files (x86)\IAR Systems\Embedded Workbench 8.0\430\lib\dlib\dl430fn.r43 )
        exit                C0B8
?FrwpInit ( C:\Program Files (x86)\IAR Systems\Embedded Workbench 8.0\430\lib\dlib\dl430fn.r43 )
?malloc ( C:\Program Files (x86)\IAR Systems\Embedded Workbench 8.0\430\lib\dlib\dl430fn.r43 )
?memcpy ( C:\Program Files (x86)\IAR Systems\Embedded Workbench 8.0\430\lib\dlib\dl430fn.r43 )
        memcpy              C096
?memmove ( C:\Program Files (x86)\IAR Systems\Embedded Workbench 8.0\430\lib\dlib\dl430fn.r43 )
?memzero ( C:\Program Files (x86)\IAR Systems\Embedded Workbench 8.0\430\lib\dlib\dl430fn.r43 )
        __data16_memzero    C0A8
        __data16_memcpy     C0BC
?MpuInit ( C:\Program Files (x86)\IAR Systems\Embedded Workbench 8.0\430\lib\dlib\dl430fn.r43 )
?setjmp ( C:\Program Files (x86)\IAR Systems\Embedded Workbench 8.0\430\lib\dlib\dl430fn.r43 )
?longjmp ( C:\Program Files (x86)\IAR Systems\Embedded Workbench 8.0\430\lib\dlib\dl430fn.r43 )
?xcloseall ( C:\Program Files (x86)\IAR Systems\Embedded Workbench 8.0\430\lib\dlib\dl430fn.r43 )
?xgetmemchunk ( C:\Program Files (x86)\IAR Systems\Embedded Workbench 8.0\430\lib\dlib\dl430fn.r43 )
?__exit ( C:\Program Files (x86)\IAR Systems\Embedded Workbench 8.0\430\lib\dlib\dl430fn.r43 )
        __exit              C0C4
?xxmemxfree ( C:\Program Files (x86)\IAR Systems\Embedded Workbench 8.0\430\lib\dlib\dl430fn.r43 )
?xxmemxmalloc ( C:\Program Files (x86)\IAR Systems\Embedded Workbench 8.0\430\lib\dlib\dl430fn.r43 )


                ****************************************
                *                                      *
                *      SEGMENTS IN ADDRESS ORDER       *
                *                                      *
                ****************************************


SEGMENT              SPACE    START ADDRESS   END ADDRESS     SIZE  TYPE  ALIGN
=======              =====    =============   ===========     ====  ====  =====
DATA16_AN                              0021 - 0022               2   rel    0
                                       0028 - 002A               3 
                                       002F - 002F               1 
                                       0120 - 0121               2 
DATA16_I                               0200 - 020F              10   rel    1
DATA16_Z                               0210 - 0211               2   rel    1
CSTACK                                 03B0 - 03FF              50   rel    1
DATA16_C                                  C000                       dse    0
DATA16_ID                              C000 - C00F              10   rel    1
CSTART                                 C010 - C037              28   rel    1
<CODE> 1                               C038 - C0C5              8E   rel    1
RESET                                  FFFE - FFFF               2   rel    1

                ****************************************
                *                                      *
                *        END OF CROSS REFERENCE        *
                *                                      *
                ****************************************

 184 bytes of CODE  memory
  98 bytes of DATA  memory (+ 8 absolute )
  16 bytes of CONST memory

Errors: none
Warnings: none

