################################################################################
#                                                                              #
#      IAR Universal Linker V6.5.1.95                                          #
#                                                                              #
#           Link time     =  13/Apr/2022  16:00:11                             #
#           Target CPU    =  MSP430                                            #
#           List file     =  "D:\OneDrive - ctu.edu.vn\IAR\01_GPIO\Code\01_Die #
#                            u_khien_LED_don\Debug\List\01_Dieu_khien_LED_don. #
#                            map"                                              #
#           Output file 1 =  "D:\OneDrive - ctu.edu.vn\IAR\01_GPIO\Code\01_Die #
#                            u_khien_LED_don\Debug\Exe\01_Dieu_khien_LED_don.h #
#                            ex"                                               #
#                            Format: ubrof10                                   #
#                            UBROF version 10.0.6                              #
#                            Using library modules for C-SPY (-rt)             #
#           Command line  =  -f C:\Users\tstra\AppData\Local\Temp\EW37F4.tmp   #
#                            ("D:\OneDrive - ctu.edu.vn\IAR\01_GPIO\Code\01_Di #
#                            eu_khien_LED_don\Debug\Obj\main.r43"              #
#                            -o                                                #
#                            "D:\OneDrive - ctu.edu.vn\IAR\01_GPIO\Code\01_Die #
#                            u_khien_LED_don\Debug\Exe\01_Dieu_khien_LED_don.h #
#                            ex"                                               #
#                            -l                                                #
#                            "D:\OneDrive - ctu.edu.vn\IAR\01_GPIO\Code\01_Die #
#                            u_khien_LED_don\Debug\List\01_Dieu_khien_LED_don. #
#                            map"                                              #
#                            -xms                                              #
#                            "-IC:\Program Files (x86)\IAR Systems\Embedded Wo #
#                            rkbench 8.0_2\430\LIB\"                           #
#                            -f                                                #
#                            "C:\Program Files (x86)\IAR Systems\Embedded Work #
#                            bench 8.0_2\430\config\linker\lnk430f2350.xcl"    #
#                            (-cmsp430 -QCODE_I=CODE_ID -QTLS16_I=TLS16_ID     #
#                            -D__iar_HWMUL=130 -Z(CONST)INFO=1000-10FF         #
#                            -Z(CONST)INFOA=10C0-10FF                          #
#                            -Z(CONST)INFOB=1080-10BF                          #
#                            -Z(CONST)INFOC=1040-107F                          #
#                            -Z(CONST)INFOD=1000-103F                          #
#                            -Z(DATA)DATA16_I,DATA16_Z,DATA16_N,TLS16_I=0200-0 #
#                            9FF                                               #
#                            -Z(DATA)DATA16_HEAP+_DATA16_HEAP_SIZE             #
#                            -Z(DATA)CODE_I -Z(DATA)CSTACK+_STACK_SIZE#        #
#                            -Z(CONST)DATA16_C,DATA16_ID,TLS16_ID,DIFUNCT,CHEC #
#                            KSUM=C000-FFDD                                    #
#                            -Z(CODE)CSTART,ISR_CODE,CODE_ID=C000-FFDD         #
#                            -P(CODE)CODE=C000-FFDD                            #
#                            -Z(CONST)SIGNATURE=FFDE-FFDF                      #
#                            -Z(CODE)INTVEC=FFE0-FFFF                          #
#                            -Z(CODE)RESET=FFFE-FFFF) -f                       #
#                            "C:\Program Files (x86)\IAR Systems\Embedded Work #
#                            bench 8.0_2\430\config\linker\multiplier.xcl"     #
#                            (-e?Mul8Hw=?Mul8 -e?Mul16Hw=?Mul16                #
#                            -e?Mul16to32uHw=?Mul16to32u                       #
#                            -e?Mul16to32sHw=?Mul16to32s -e?Mul32Hw=?Mul32     #
#                            -e_Mul64iHw=_Mul64i                               #
#                            -e_Mul32u32uto64iHw=_Mul32u32uto64i               #
#                            -e?Mul32fHw=_Mul32f -e_Mul64fHwPtr=_Mul64fPtr)    #
#                            -D_STACK_SIZE=50 -rt                              #
#                            "C:\Program Files (x86)\IAR Systems\Embedded Work #
#                            bench 8.0_2\430\lib\dlib\dl430fn.r43"             #
#                            -e_PrintfLarge=_Printf -e_ScanfLarge=_Scanf       #
#                            -D_DATA16_HEAP_SIZE=50 -s __program_start         #
#                            -D_DATA20_HEAP_SIZE=50)                           #
#                                                                              #
#                           Copyright (C) 1987-2016 IAR Systems AB.            #
################################################################################





                ****************************************
                *                                      *
                *           CROSS REFERENCE            *
                *                                      *
                ****************************************

       Program entry at :           C010  Relocatable, from module : ?cstart




                ****************************************
                *                                      *
                *            RUNTIME MODEL             *
                *                                      *
                ****************************************

  __Heap_Handler             = Basic
  __SystemLibrary            = DLib
  __core                     = 430
  __dlib_file_descriptor     = 0
  __dlib_full_locale_support = 0
  __double_size              = 32
  __pic                      = no
  __reg_r4                   = free
  __reg_r5                   = free
  __rt_version               = 3

                ****************************************
                *                                      *
                *    AUTOMATIC SYMBOL REDIRECTIONS     *
                *                                      *
                ****************************************

                  There are no automatic symbol redirections.



                ****************************************
                *                                      *
                *              MODULE MAP              *
                *                                      *
                ****************************************


  DEFINED ABSOLUTE ENTRIES
    *************************************************************************

  DEFINED ABSOLUTE ENTRIES
  PROGRAM MODULE, NAME : ?ABS_ENTRY_MOD

Absolute parts
           ENTRY                   ADDRESS         REF BY
           =====                   =======         ======
           _DATA20_HEAP_SIZE       0050 
           _DATA16_HEAP_SIZE       0050 
           _STACK_SIZE             0050 
           __iar_HWMUL             0130 
    *************************************************************************

  FILE NAME : D:\OneDrive - ctu.edu.vn\IAR\01_GPIO\Code\01_Dieu_khien_LED_don\Debug\Obj\main.r43
  PROGRAM MODULE, NAME : main

  SEGMENTS IN THE MODULE
  ======================
DATA16_AN
  Relative segment, address: 0019 - 0019 (0x1 bytes), align: 0
  Segment part 1. ROOT        Intra module refs:   blink
                                                   brightShiftLeft
                                                   brightShiftRight
                                                   shiftL
                                                   shiftR
                                                   xenKe
           ENTRY                   ADDRESS         REF BY
           =====                   =======         ======
           _A_P3OUT                0019 
           LOCAL                   ADDRESS         
           =====                   =======         
           P3OUT                   0019 
           P3OUT_bit               0019 
    -------------------------------------------------------------------------
DATA16_AN
  Relative segment, address: 001A - 001A (0x1 bytes), align: 0
  Segment part 2. ROOT        Intra module refs:   main
           ENTRY                   ADDRESS         REF BY
           =====                   =======         ======
           _A_P3DIR                001A 
           LOCAL                   ADDRESS         
           =====                   =======         
           P3DIR                   001A 
           P3DIR_bit               001A 
    -------------------------------------------------------------------------
DATA16_AN
  Relative segment, address: 0120 - 0121 (0x2 bytes), align: 0
  Segment part 3. ROOT        Intra module refs:   main
           ENTRY                   ADDRESS         REF BY
           =====                   =======         ======
           _A_WDTCTL               0120 
           LOCAL                   ADDRESS         
           =====                   =======         
           WDTCTL                  0120 
           WDTCTL_bit              0120 
    -------------------------------------------------------------------------
<CODE> 1 (was CODE)
  Relative segment, address: C01C - C06F (0x54 bytes), align: 1
  Segment part 14.
           ENTRY                   ADDRESS         REF BY
           =====                   =======         ======
           main                    C01C            Segment part 19 (?cstart)
               calls direct
    -------------------------------------------------------------------------
<CODE> 1 (was CODE)
  Relative segment, address: C196 - C1AB (0x16 bytes), align: 1
  Segment part 7.             Intra module refs:   blink
                                                   brightShiftLeft
                                                   brightShiftRight
                                                   main
                                                   shiftL
                                                   shiftR
                                                   xenKe
           ENTRY                   ADDRESS         REF BY
           =====                   =======         ======
           delayms                 C196 
    -------------------------------------------------------------------------
<CODE> 1 (was CODE)
  Relative segment, address: C168 - C195 (0x2e bytes), align: 1
  Segment part 13.            Intra module refs:   main
           ENTRY                   ADDRESS         REF BY
           =====                   =======         ======
           blink                   C168 
               calls direct
    -------------------------------------------------------------------------
<CODE> 1 (was CODE)
  Relative segment, address: C138 - C167 (0x30 bytes), align: 1
  Segment part 12.            Intra module refs:   main
           ENTRY                   ADDRESS         REF BY
           =====                   =======         ======
           shiftL                  C138 
               calls direct
    -------------------------------------------------------------------------
<CODE> 1 (was CODE)
  Relative segment, address: C0D8 - C107 (0x30 bytes), align: 1
  Segment part 11.            Intra module refs:   main
           ENTRY                   ADDRESS         REF BY
           =====                   =======         ======
           shiftR                  C0D8 
               calls direct
    -------------------------------------------------------------------------
<CODE> 1 (was CODE)
  Relative segment, address: C108 - C137 (0x30 bytes), align: 1
  Segment part 10.            Intra module refs:   main
           ENTRY                   ADDRESS         REF BY
           =====                   =======         ======
           brightShiftLeft         C108 
               calls direct
    -------------------------------------------------------------------------
<CODE> 1 (was CODE)
  Relative segment, address: C070 - C0A5 (0x36 bytes), align: 1
  Segment part 9.             Intra module refs:   main
           ENTRY                   ADDRESS         REF BY
           =====                   =======         ======
           brightShiftRight        C070 
               calls direct
    -------------------------------------------------------------------------
<CODE> 1 (was CODE)
  Relative segment, address: C0A6 - C0D7 (0x32 bytes), align: 1
  Segment part 8.             Intra module refs:   main
           ENTRY                   ADDRESS         REF BY
           =====                   =======         ======
           xenKe                   C0A6 
               calls direct
    -------------------------------------------------------------------------
DATA16_C
  Relative segment, address: C000 - C007 (0x8 bytes), align: 0
  Segment part 5.             Intra module refs:   shiftL
    -------------------------------------------------------------------------
DATA16_C
  Relative segment, address: C008 - C00F (0x8 bytes), align: 0
  Segment part 6.             Intra module refs:   shiftR

    *************************************************************************

  FILE NAME : C:\Program Files (x86)\IAR Systems\Embedded Workbench 8.0_2\430\lib\dlib\dl430fn.r43
  LIBRARY MODULE, NAME : ?__dbg_break

  SEGMENTS IN THE MODULE
  ======================
<CODE> 1 (was CODE)
  Relative segment, address: C1D6 - C1D7 (0x2 bytes), align: 1
  Segment part 2.
           ENTRY                   ADDRESS         REF BY
           =====                   =======         ======
           __DebugBreak            C1D6            __exit (?__exit)

    -------------------------------------------------------------------------
  LIBRARY MODULE, NAME : ?__exit

  SEGMENTS IN THE MODULE
  ======================
<CODE> 1 (was CODE)
  Relative segment, address: C1AC - C1BD (0x12 bytes), align: 1
  Segment part 2.
           ENTRY                   ADDRESS         REF BY
           =====                   =======         ======
           __exit                  C1AC            Segment part 6 (?_exit)
                                                   _exit (?_exit)
               calls direct

    -------------------------------------------------------------------------
  LIBRARY MODULE, NAME : ?_exit

  SEGMENTS IN THE MODULE
  ======================
<CODE> 1 (was CODE)
  Relative segment, address: C1D2, align: 1
  Segment part 0.
           ENTRY                   ADDRESS         REF BY
           =====                   =======         ======
           _exit                   C1D2            exit (?exit)
    -------------------------------------------------------------------------
<CODE> 1 (was CODE)
  Relative segment, address: C1D2 - C1D5 (0x4 bytes), align: 1
  Segment part 6.             Intra module refs:   _exit

    -------------------------------------------------------------------------
  LIBRARY MODULE, NAME : ?cstart

  SEGMENTS IN THE MODULE
  ======================
CSTACK
  Relative segment, address: 09B0, align: 1
  Segment part 1.
    -------------------------------------------------------------------------
CSTART
  Relative segment, address: C010 - C013 (0x4 bytes), align: 1
  Segment part 9.
           ENTRY                   ADDRESS         REF BY
           =====                   =======         ======
           __program_start         C010            ?reset_vector (?reset_vector)
                                                   Absolute parts (?ABS_ENTRY_MOD)
           ?cstart_begin           C010 
    -------------------------------------------------------------------------
CSTART
  Relative segment, address: C014 - C01B (0x8 bytes), align: 1
  Segment part 19.            Intra module refs:   Segment part 9
           ENTRY                   ADDRESS         REF BY
           =====                   =======         ======
           ?cstart_call_main       C014 
           ?cstart_end             C01C 

    -------------------------------------------------------------------------
  LIBRARY MODULE, NAME : ?reset_vector

  SEGMENTS IN THE MODULE
  ======================
RESET
  Relative segment, address: FFFE - FFFF (0x2 bytes), align: 1
  Segment part 0.
           ENTRY                   ADDRESS         REF BY
           =====                   =======         ======
           ?reset_vector           FFFE            Segment part 9 (?cstart)

    -------------------------------------------------------------------------
  LIBRARY MODULE, NAME : ?exit

  SEGMENTS IN THE MODULE
  ======================
<CODE> 1 (was CODE)
  Relative segment, address: C1CE - C1D1 (0x4 bytes), align: 1
  Segment part 2.
           ENTRY                   ADDRESS         REF BY
           =====                   =======         ======
           exit                    C1CE            Segment part 19 (?cstart)
               calls direct

    -------------------------------------------------------------------------
  LIBRARY MODULE, NAME : ?CopyMemoryBytes

  SEGMENTS IN THE MODULE
  ======================
<CODE> 1 (was CODE)
  Relative segment, address: C1BE - C1CD (0x10 bytes), align: 1
  Segment part 0.
           ENTRY                   ADDRESS         REF BY
           =====                   =======         ======
           ?CopyMemoryBytes        C1BE            shiftL (main)
                                                   shiftR (main)




                ****************************************
                *                                      *
                *      SEGMENTS IN ADDRESS ORDER       *
                *                                      *
                ****************************************


SEGMENT              SPACE    START ADDRESS   END ADDRESS     SIZE  TYPE  ALIGN
=======              =====    =============   ===========     ====  ====  =====
DATA16_AN                              0019 - 001A               2   rel    0
                                       0120 - 0121               2 
CSTACK                                 09B0 - 09FF              50   rel    1
DATA16_C                               C000 - C00F              10   rel    0
CSTART                                 C010 - C01B               C   rel    1
<CODE> 1                               C01C - C1D7             1BC   rel    1
RESET                                  FFFE - FFFF               2   rel    1

                ****************************************
                *                                      *
                *        END OF CROSS REFERENCE        *
                *                                      *
                ****************************************

 458 bytes of CODE  memory
  80 bytes of DATA  memory (+ 4 absolute )
  16 bytes of CONST memory

Errors: none
Warnings: none

